---
source: tests/generated_ir_postreg_corpus.rs
expression: ra
---
ra_func @0 {
  block b0:
    bounds_check(2)
    v2:gpr = const(0x0)
    v0:gpr = read_bytes(1)
    v1:gpr = read_bytes(1)
    v3:gpr = CmpNe v0:gpr, v2:gpr
    v4:gpr = CmpNe v1:gpr, v2:gpr
    v5:gpr = And v3:gpr, v4:gpr
    term: branch_if_zero v5 -> b2, fallthrough b1
    succs: b2 b1
  block b1 (preds: b0):
    term: branch b3
    succs: b3
  block b2 (preds: b0):
    v6:gpr = const(0x4)
    v8:gpr = copy v6:gpr
    term: branch b4
    succs: b4 [v6]
  block b3 (preds: b1):
    v7:gpr = const(0x9)
    v8:gpr = copy v7:gpr
    term: branch b4
    succs: b4 [v8]
  block b4 [params: v8] (preds: b2, b3):
    store([0:W1]) v8:gpr
    term: return
    succs: (none)
}
