---
source: tests/postreg_vec_hotpath_corpus.rs
expression: ir_text
---
lambda @0 (shape: "ScalarVec") {
  region {
    args: [%cs, %os]
    n129 = BoundsCheck(1) [%cs:arg] -> [%cs]
    n130 = ReadBytes(1) [%cs:n129] -> [v0, %cs]
    n131 = Const(0x7f) [] -> [v1]
    n132 = And [v0, v1] -> [v2]
    n133 = Const(0x80) [] -> [v3]
    n134 = And [v0, v3] -> [v4]
    n135 = Const(0x0) [] -> [v5]
    n136 = CmpNe [v4, v5] -> [v6]
    n160 = gamma [
      pred: v6
      in0: v2
      in1: %cs:n130
      in2: %os:arg
    ] {
      branch 0:
        region {
          args: [arg0, %cs, %os]
          n137 = Const(0x4) [] -> [v7]
          n138 = Const(0x0) [] -> [v8]
          results: [arg0, v7, arg0, v8, %cs:arg, %os:arg]
        }
      branch 1:
        region {
          args: [arg0, %cs, %os]
          n139 = Const(0x7) [] -> [v9]
          n140 = Const(0x4) [] -> [v10]
          n141 = Const(0x1) [] -> [v11]
          n142 = Const(0x7f) [] -> [v13]
          n143 = Const(0x7) [] -> [v17]
          n144 = Const(0x1) [] -> [v19]
          n145 = Const(0x80) [] -> [v21]
          n146 = Const(0x0) [] -> [v23]
          n147 = Const(0x0) [] -> [v25]
          n159 = theta [arg0, v9, v10, arg0, v11, %cs:arg, %os:arg] {
            region {
              args: [arg0, arg1, arg2, arg3, arg4, %cs, %os]
              n148 = BoundsCheck(1) [%cs:arg] -> [%cs]
              n149 = ReadBytes(1) [%cs:n148] -> [v12, %cs]
              n150 = And [v12, v13] -> [v14]
              n151 = Shl [v14, arg1] -> [v15]
              n152 = Or [arg0, v15] -> [v16]
              n153 = Add [arg1, v17] -> [v18]
              n154 = Sub [arg2, v19] -> [v20]
              n155 = And [v12, v21] -> [v22]
              n156 = CmpNe [v22, v23] -> [v24]
              n157 = CmpNe [v20, v25] -> [v26]
              n158 = And [v24, v26] -> [v27]
              results: [v27, v16, v18, v20, v14, v24, %cs:n149, %os:arg]
            }
          } -> [v28, v29, v30, v31, v32, %cs, %os]
          results: [v28, v30, v31, v32, %cs:n159, %os:n159]
        }
    } -> [v33, v34, v35, v36, %cs, %os]
    n161 = Const(0x0) [] -> [v37]
    n162 = CmpNe [v36, v37] -> [v38]
    n164 = gamma [
      pred: v38
      in0: %cs:n160
      in1: %os:n160
    ] {
      branch 0:
        region {
          args: [%cs, %os]
          results: [%cs:arg, %os:arg]
        }
      branch 1:
        region {
          args: [%cs, %os]
          n163 = ErrorExit(InvalidVarint) [%cs:arg] -> []
          results: [%cs:arg, %os:arg]
        }
    } -> [%cs, %os]
    n165 = Const(0x20) [] -> [v39]
    n166 = Shr [v33, v39] -> [v40]
    n167 = Const(0x0) [] -> [v41]
    n168 = CmpNe [v40, v41] -> [v42]
    n170 = gamma [
      pred: v42
      in0: %cs:n164
      in1: %os:n164
    ] {
      branch 0:
        region {
          args: [%cs, %os]
          results: [%cs:arg, %os:arg]
        }
      branch 1:
        region {
          args: [%cs, %os]
          n169 = ErrorExit(NumberOutOfRange) [%cs:arg] -> []
          results: [%cs:arg, %os:arg]
        }
    } -> [%cs, %os]
    n234 = gamma [
      pred: v33
      in0: %cs:n170
      in1: %os:n170
    ] {
      branch 0:
        region {
          args: [%cs, %os]
          n171 = Const(0x4) [] -> [v43]
          n172 = Const(0x0) [] -> [v44]
          n173 = WriteToField(offset=8, W8) [v43, %os:arg] -> [%os]
          n174 = WriteToField(offset=16, W8) [v44, %os:n173] -> [%os]
          n175 = WriteToField(offset=0, W8) [v44, %os:n174] -> [%os]
          results: [%cs:arg, %os:n175]
        }
      branch 1:
        region {
          args: [%cs, %os]
          n176 = Const(0x4) [] -> [v45]
          n177 = Const(0x4) [] -> [v46]
          n178 = CallIntrinsic(0x<ptr>, field_offset=0) [v33, v45, v46, %cs:arg, %os:arg] -> [v47, %cs, %os]
          n179 = SaveOutPtr [%os:n178] -> [v48, %os]
          n180 = SetOutPtr [v47, %os:n179] -> [%os]
          n181 = Const(0x7f) [] -> [v50]
          n182 = Const(0x80) [] -> [v52]
          n183 = Const(0x0) [] -> [v54]
          n184 = Const(0x0) [] -> [v86]
          n185 = Const(0x20) [] -> [v88]
          n186 = Const(0x0) [] -> [v90]
          n187 = Const(0x1) [] -> [v92]
          n188 = Const(0x4) [] -> [v94]
          n229 = theta [v33, v47, %cs:n178, %os:n180] {
            region {
              args: [arg0, arg1, %cs, %os]
              n189 = SetOutPtr [arg1, %os:arg] -> [%os]
              n190 = BoundsCheck(1) [%cs:arg] -> [%cs]
              n191 = ReadBytes(1) [%cs:n190] -> [v49, %cs]
              n192 = And [v49, v50] -> [v51]
              n193 = And [v49, v52] -> [v53]
              n194 = CmpNe [v53, v54] -> [v55]
              n218 = gamma [
                pred: v55
                in0: v51
                in1: %cs:n191
                in2: %os:n189
              ] {
                branch 0:
                  region {
                    args: [arg0, %cs, %os]
                    n195 = Const(0x4) [] -> [v56]
                    n196 = Const(0x0) [] -> [v57]
                    results: [arg0, v56, arg0, v57, %cs:arg, %os:arg]
                  }
                branch 1:
                  region {
                    args: [arg0, %cs, %os]
                    n197 = Const(0x7) [] -> [v58]
                    n198 = Const(0x4) [] -> [v59]
                    n199 = Const(0x1) [] -> [v60]
                    n200 = Const(0x7f) [] -> [v62]
                    n201 = Const(0x7) [] -> [v66]
                    n202 = Const(0x1) [] -> [v68]
                    n203 = Const(0x80) [] -> [v70]
                    n204 = Const(0x0) [] -> [v72]
                    n205 = Const(0x0) [] -> [v74]
                    n217 = theta [arg0, v58, v59, arg0, v60, %cs:arg, %os:arg] {
                      region {
                        args: [arg0, arg1, arg2, arg3, arg4, %cs, %os]
                        n206 = BoundsCheck(1) [%cs:arg] -> [%cs]
                        n207 = ReadBytes(1) [%cs:n206] -> [v61, %cs]
                        n208 = And [v61, v62] -> [v63]
                        n209 = Shl [v63, arg1] -> [v64]
                        n210 = Or [arg0, v64] -> [v65]
                        n211 = Add [arg1, v66] -> [v67]
                        n212 = Sub [arg2, v68] -> [v69]
                        n213 = And [v61, v70] -> [v71]
                        n214 = CmpNe [v71, v72] -> [v73]
                        n215 = CmpNe [v69, v74] -> [v75]
                        n216 = And [v73, v75] -> [v76]
                        results: [v76, v65, v67, v69, v63, v73, %cs:n207, %os:arg]
                      }
                    } -> [v77, v78, v79, v80, v81, %cs, %os]
                    results: [v77, v79, v80, v81, %cs:n217, %os:n217]
                  }
              } -> [v82, v83, v84, v85, %cs, %os]
              n219 = CmpNe [v85, v86] -> [v87]
              n221 = gamma [
                pred: v87
                in0: %cs:n218
                in1: %os:n218
              ] {
                branch 0:
                  region {
                    args: [%cs, %os]
                    results: [%cs:arg, %os:arg]
                  }
                branch 1:
                  region {
                    args: [%cs, %os]
                    n220 = ErrorExit(InvalidVarint) [%cs:arg] -> []
                    results: [%cs:arg, %os:arg]
                  }
              } -> [%cs, %os]
              n222 = Shr [v82, v88] -> [v89]
              n223 = CmpNe [v89, v90] -> [v91]
              n225 = gamma [
                pred: v91
                in0: %cs:n221
                in1: %os:n221
              ] {
                branch 0:
                  region {
                    args: [%cs, %os]
                    results: [%cs:arg, %os:arg]
                  }
                branch 1:
                  region {
                    args: [%cs, %os]
                    n224 = ErrorExit(NumberOutOfRange) [%cs:arg] -> []
                    results: [%cs:arg, %os:arg]
                  }
              } -> [%cs, %os]
              n226 = WriteToField(offset=0, W4) [v82, %os:n225] -> [%os]
              n227 = Sub [arg0, v92] -> [v93]
              n228 = Add [arg1, v94] -> [v95]
              results: [v93, v93, v95, %cs:n225, %os:n226]
            }
          } -> [v96, v97, %cs, %os]
          n230 = SetOutPtr [v48, %os:n229] -> [%os]
          n231 = WriteToField(offset=8, W8) [v47, %os:n230] -> [%os]
          n232 = WriteToField(offset=16, W8) [v33, %os:n231] -> [%os]
          n233 = WriteToField(offset=0, W8) [v33, %os:n232] -> [%os]
          results: [%cs:n229, %os:n233]
        }
    } -> [%cs, %os]
    results: [%cs:n234, %os:n234]
  }
}
