---
source: tests/generated_ir_postreg_corpus.rs
expression: ra
---
ra_func @0 {
  block b0:
    v0:gpr = const(0x3)
    v1:gpr = const(0x1)
    v8:gpr = copy v0:gpr
    v9:gpr = copy v1:gpr
    term: branch b1
    succs: b1 [v8, v9]
  block b1 [params: v8, v9] (preds: b0, b1):
    v2:gpr = Sub v8:gpr, v9:gpr
    v8:gpr = copy v2:gpr
    term: branch_if v2 -> b1, fallthrough b2
    succs: b1 [v8, v9] b2 [v8]
  block b2 [params: v8] (preds: b1):
    term: branch_if_zero v8 -> b4, fallthrough b3
    succs: b4 b3
  block b3 (preds: b2):
    term: branch b5
    succs: b5
  block b4 (preds: b2):
    v5:gpr = const(0xb)
    v7:gpr = copy v5:gpr
    term: branch b6
    succs: b6 [v5]
  block b5 (preds: b3):
    v6:gpr = const(0x16)
    v7:gpr = copy v6:gpr
    term: branch b6
    succs: b6 [v7]
  block b6 [params: v7] (preds: b4, b5):
    store([0:W1]) v7:gpr
    term: return
    succs: (none)
}
