---
source: tests/generated_synthetic.rs
expression: ir_text
---
lambda @0 (shape: "Outer") {
  region {
    args: [%cs, %os]
    n239 = BoundsCheck(1) [%cs:arg] -> [%cs]
    n240 = ReadBytes(1) [%cs:n239] -> [v86, %cs]
    n241 = Const(0x7f) [] -> [v87]
    n242 = And [v86, v87] -> [v88]
    n243 = Const(0x80) [] -> [v89]
    n244 = And [v86, v89] -> [v90]
    n245 = Const(0x0) [] -> [v91]
    n246 = CmpNe [v90, v91] -> [v92]
    n270 = gamma [
      pred: v92
      in0: v88
      in1: %cs:n240
      in2: %os:arg
    ] {
      branch 0:
        region {
          args: [arg0, %cs, %os]
          n247 = Const(0x4) [] -> [v93]
          n248 = Const(0x0) [] -> [v94]
          results: [arg0, v93, arg0, v94, %cs:arg, %os:arg]
        }
      branch 1:
        region {
          args: [arg0, %cs, %os]
          n249 = Const(0x7) [] -> [v95]
          n250 = Const(0x4) [] -> [v96]
          n251 = Const(0x1) [] -> [v97]
          n252 = Const(0x7f) [] -> [v99]
          n253 = Const(0x7) [] -> [v103]
          n254 = Const(0x1) [] -> [v105]
          n255 = Const(0x80) [] -> [v107]
          n256 = Const(0x0) [] -> [v109]
          n257 = Const(0x0) [] -> [v111]
          n269 = theta [arg0, v95, v96, arg0, v97, %cs:arg, %os:arg] {
            region {
              args: [arg0, arg1, arg2, arg3, arg4, %cs, %os]
              n258 = BoundsCheck(1) [%cs:arg] -> [%cs]
              n259 = ReadBytes(1) [%cs:n258] -> [v98, %cs]
              n260 = And [v98, v99] -> [v100]
              n261 = Shl [v100, arg1] -> [v101]
              n262 = Or [arg0, v101] -> [v102]
              n263 = Add [arg1, v103] -> [v104]
              n264 = Sub [arg2, v105] -> [v106]
              n265 = And [v98, v107] -> [v108]
              n266 = CmpNe [v108, v109] -> [v110]
              n267 = CmpNe [v106, v111] -> [v112]
              n268 = And [v110, v112] -> [v113]
              results: [v113, v102, v104, v106, v100, v110, %cs:n259, %os:arg]
            }
          } -> [v114, v115, v116, v117, v118, %cs, %os]
          results: [v114, v116, v117, v118, %cs:n269, %os:n269]
        }
    } -> [v119, v120, v121, v122, %cs, %os]
    n271 = Const(0x0) [] -> [v123]
    n272 = CmpNe [v122, v123] -> [v124]
    n274 = gamma [
      pred: v124
      in0: %cs:n270
      in1: %os:n270
    ] {
      branch 0:
        region {
          args: [%cs, %os]
          results: [%cs:arg, %os:arg]
        }
      branch 1:
        region {
          args: [%cs, %os]
          n273 = ErrorExit(InvalidVarint) [%cs:arg] -> []
          results: [%cs:arg, %os:arg]
        }
    } -> [%cs, %os]
    n275 = Const(0x20) [] -> [v125]
    n276 = Shr [v119, v125] -> [v126]
    n277 = Const(0x0) [] -> [v127]
    n278 = CmpNe [v126, v127] -> [v128]
    n280 = gamma [
      pred: v128
      in0: %cs:n274
      in1: %os:n274
    ] {
      branch 0:
        region {
          args: [%cs, %os]
          results: [%cs:arg, %os:arg]
        }
      branch 1:
        region {
          args: [%cs, %os]
          n279 = ErrorExit(NumberOutOfRange) [%cs:arg] -> []
          results: [%cs:arg, %os:arg]
        }
    } -> [%cs, %os]
    n281 = WriteToField(offset=0, W4) [v119, %os:n280] -> [%os]
    n153 = BoundsCheck(1) [%cs:n280] -> [%cs]
    n154 = ReadBytes(1) [%cs:n153] -> [v43, %cs]
    n155 = Const(0x7f) [] -> [v44]
    n156 = And [v43, v44] -> [v45]
    n157 = Const(0x80) [] -> [v46]
    n158 = And [v43, v46] -> [v47]
    n159 = Const(0x0) [] -> [v48]
    n160 = CmpNe [v47, v48] -> [v49]
    n184 = gamma [
      pred: v49
      in0: v45
      in1: %cs:n154
      in2: %os:n281
    ] {
      branch 0:
        region {
          args: [arg0, %cs, %os]
          n161 = Const(0x4) [] -> [v50]
          n162 = Const(0x0) [] -> [v51]
          results: [arg0, v50, arg0, v51, %cs:arg, %os:arg]
        }
      branch 1:
        region {
          args: [arg0, %cs, %os]
          n163 = Const(0x7) [] -> [v52]
          n164 = Const(0x4) [] -> [v53]
          n165 = Const(0x1) [] -> [v54]
          n166 = Const(0x7f) [] -> [v56]
          n167 = Const(0x7) [] -> [v60]
          n168 = Const(0x1) [] -> [v62]
          n169 = Const(0x80) [] -> [v64]
          n170 = Const(0x0) [] -> [v66]
          n171 = Const(0x0) [] -> [v68]
          n183 = theta [arg0, v52, v53, arg0, v54, %cs:arg, %os:arg] {
            region {
              args: [arg0, arg1, arg2, arg3, arg4, %cs, %os]
              n172 = BoundsCheck(1) [%cs:arg] -> [%cs]
              n173 = ReadBytes(1) [%cs:n172] -> [v55, %cs]
              n174 = And [v55, v56] -> [v57]
              n175 = Shl [v57, arg1] -> [v58]
              n176 = Or [arg0, v58] -> [v59]
              n177 = Add [arg1, v60] -> [v61]
              n178 = Sub [arg2, v62] -> [v63]
              n179 = And [v55, v64] -> [v65]
              n180 = CmpNe [v65, v66] -> [v67]
              n181 = CmpNe [v63, v68] -> [v69]
              n182 = And [v67, v69] -> [v70]
              results: [v70, v59, v61, v63, v57, v67, %cs:n173, %os:arg]
            }
          } -> [v71, v72, v73, v74, v75, %cs, %os]
          results: [v71, v73, v74, v75, %cs:n183, %os:n183]
        }
    } -> [v76, v77, v78, v79, %cs, %os]
    n185 = Const(0x0) [] -> [v80]
    n186 = CmpNe [v79, v80] -> [v81]
    n188 = gamma [
      pred: v81
      in0: %cs:n184
      in1: %os:n184
    ] {
      branch 0:
        region {
          args: [%cs, %os]
          results: [%cs:arg, %os:arg]
        }
      branch 1:
        region {
          args: [%cs, %os]
          n187 = ErrorExit(InvalidVarint) [%cs:arg] -> []
          results: [%cs:arg, %os:arg]
        }
    } -> [%cs, %os]
    n189 = Const(0x20) [] -> [v82]
    n190 = Shr [v76, v82] -> [v83]
    n191 = Const(0x0) [] -> [v84]
    n192 = CmpNe [v83, v84] -> [v85]
    n194 = gamma [
      pred: v85
      in0: %cs:n188
      in1: %os:n188
    ] {
      branch 0:
        region {
          args: [%cs, %os]
          results: [%cs:arg, %os:arg]
        }
      branch 1:
        region {
          args: [%cs, %os]
          n193 = ErrorExit(NumberOutOfRange) [%cs:arg] -> []
          results: [%cs:arg, %os:arg]
        }
    } -> [%cs, %os]
    n195 = WriteToField(offset=4, W4) [v76, %os:n194] -> [%os]
    n4 = BoundsCheck(1) [%cs:n194] -> [%cs]
    n5 = ReadBytes(1) [%cs:n4] -> [v0, %cs]
    n6 = Const(0x7f) [] -> [v1]
    n7 = And [v0, v1] -> [v2]
    n8 = Const(0x80) [] -> [v3]
    n9 = And [v0, v3] -> [v4]
    n10 = Const(0x0) [] -> [v5]
    n11 = CmpNe [v4, v5] -> [v6]
    n35 = gamma [
      pred: v6
      in0: v2
      in1: %cs:n5
      in2: %os:n195
    ] {
      branch 0:
        region {
          args: [arg0, %cs, %os]
          n12 = Const(0x4) [] -> [v7]
          n13 = Const(0x0) [] -> [v8]
          results: [arg0, v7, arg0, v8, %cs:arg, %os:arg]
        }
      branch 1:
        region {
          args: [arg0, %cs, %os]
          n14 = Const(0x7) [] -> [v9]
          n15 = Const(0x4) [] -> [v10]
          n16 = Const(0x1) [] -> [v11]
          n134 = Const(0x7f) [] -> [v13]
          n135 = Const(0x7) [] -> [v17]
          n136 = Const(0x1) [] -> [v19]
          n137 = Const(0x80) [] -> [v21]
          n138 = Const(0x0) [] -> [v23]
          n139 = Const(0x0) [] -> [v25]
          n34 = theta [arg0, v9, v10, arg0, v11, %cs:arg, %os:arg] {
            region {
              args: [arg0, arg1, arg2, arg3, arg4, %cs, %os]
              n17 = BoundsCheck(1) [%cs:arg] -> [%cs]
              n18 = ReadBytes(1) [%cs:n17] -> [v12, %cs]
              n20 = And [v12, v13] -> [v14]
              n21 = Shl [v14, arg1] -> [v15]
              n22 = Or [arg0, v15] -> [v16]
              n24 = Add [arg1, v17] -> [v18]
              n26 = Sub [arg2, v19] -> [v20]
              n28 = And [v12, v21] -> [v22]
              n30 = CmpNe [v22, v23] -> [v24]
              n32 = CmpNe [v20, v25] -> [v26]
              n33 = And [v24, v26] -> [v27]
              results: [v27, v16, v18, v20, v14, v24, %cs:n18, %os:arg]
            }
          } -> [v28, v29, v30, v31, v32, %cs, %os]
          results: [v28, v30, v31, v32, %cs:n34, %os:n34]
        }
    } -> [v33, v34, v35, v36, %cs, %os]
    n36 = Const(0x0) [] -> [v37]
    n37 = CmpNe [v36, v37] -> [v38]
    n39 = gamma [
      pred: v38
      in0: %cs:n35
      in1: %os:n35
    ] {
      branch 0:
        region {
          args: [%cs, %os]
          results: [%cs:arg, %os:arg]
        }
      branch 1:
        region {
          args: [%cs, %os]
          n38 = ErrorExit(InvalidVarint) [%cs:arg] -> []
          results: [%cs:arg, %os:arg]
        }
    } -> [%cs, %os]
    n40 = Const(0x20) [] -> [v39]
    n41 = Shr [v33, v39] -> [v40]
    n42 = Const(0x0) [] -> [v41]
    n43 = CmpNe [v40, v41] -> [v42]
    n45 = gamma [
      pred: v42
      in0: %cs:n39
      in1: %os:n39
    ] {
      branch 0:
        region {
          args: [%cs, %os]
          results: [%cs:arg, %os:arg]
        }
      branch 1:
        region {
          args: [%cs, %os]
          n44 = ErrorExit(NumberOutOfRange) [%cs:arg] -> []
          results: [%cs:arg, %os:arg]
        }
    } -> [%cs, %os]
    n46 = WriteToField(offset=8, W4) [v33, %os:n45] -> [%os]
    results: [%cs:n45, %os:n46]
  }
}
