---
source: tests/generated_ir_postreg_corpus.rs
expression: ra
---
ra_func @0 {
  block b0:
    bounds_check(1)
    v1:gpr = const(0x0)
    v0:gpr = read_bytes(1)
    v2:gpr = CmpNe v0:gpr, v1:gpr
    term: branch_if_zero v2 -> b2, fallthrough b1
    succs: b2 b1
  block b1 (preds: b0):
    term: branch b3
    succs: b3
  block b2 (preds: b0):
    v3:gpr = const(0x3)
    v5:gpr = copy v3:gpr
    term: branch b4
    succs: b4 [v3]
  block b3 (preds: b1):
    v4:gpr = const(0x7)
    v5:gpr = copy v4:gpr
    term: branch b4
    succs: b4 [v5]
  block b4 [params: v5] (preds: b2, b3):
    store([0:W1]) v5:gpr
    term: return
    succs: (none)
}
