---
source: src/disasm_tests.rs
expression: out
---
=== json/nested_struct ===
  sub sp, sp, #0x60
  stp x29, x30, [sp]
  stp x19, x20, [sp, #0x10]
  stp x21, x22, [sp, #0x20]
  mov x29, sp
  mov x21, x0
  mov x22, x1
  ldr x19, [x22]
  ldr x20, [x22, #0x8]
  str xzr, [sp, #0x30]
  cmp x19, x20
  b.hs $+0x3c
  ldrb w10, [x19]
  sub w9, w10, #0x9
  cmp w9, #0x17
  b.hi $+0x1c
  mov x8, #<imm>
  movk x8, #<imm>, lsl #16
  lsr x8, x8, x9
  tbz w8, #0x0, $+0xc
  add x19, x19, #0x1
  b $-0x2c
  cmp w10, #0x7b
  b.ne $+0xc
  add x19, x19, #0x1
  b $+0x10
  mov w9, #0x5
  str w9, [x22, #0x10]
  b $+0x2dc
  str x19, [x22]
  mov x0, x22
  add x1, sp, #0x48
  mov x8, #<imm>
  movk x8, #<imm>, lsl #16
  movk x8, #<imm>, lsl #32
  movk x8, #<imm>, lsl #48
  blr x8
  ldr x19, [x22]
  ldr w9, [x22, #0x10]
  cbnz w9, $+0x2b0
  ldrb w9, [sp, #0x48]
  cmp w9, #0x7d
  b.eq $+0x268
  str x19, [x22]
  mov x0, x22
  mov x8, #<imm>
  movk x8, #<imm>, lsl #16
  movk x8, #<imm>, lsl #32
  movk x8, #<imm>, lsl #48
  blr x8
  ldr x19, [x22]
  cmp x19, x20
  b.hs $+0x18
  ldrb w9, [x19]
  cmp w9, #0x22
  b.ne $+0xc
  add x19, x19, #0x1
  b $+0x10
  mov w9, #0x7
  str w9, [x22, #0x10]
  b $+0x25c
  str x19, [sp, #0x38]
  movi v1.16b, #0x22
  movi v2.16b, #0x5c
  sub x9, x20, x19
  cmp x9, #0x10
  b.lo $+0x58
  ld1 {v0.16b}, [x19]
  cmeq v3.16b, v0.16b, v1.16b
  cmeq v4.16b, v0.16b, v2.16b
  orr v3.16b, v3.16b, v4.16b
  umaxv b5, v3.16b
  umov w9, v5.b[0]
  cbz w9, $+0x34
  mov x10, #<imm>
  ldrb w9, [x19, x10]
  cmp w9, #0x22
  b.eq $+0x14
  cmp w9, #0x5c
  b.eq $+0xc
  add x10, x10, #0x1
  b $-0x18
  add x19, x19, x10
  cmp w9, #0x22
  b.eq $+0x34
  b $+0x44
  add x19, x19, #0x10
  b $-0x5c
  cmp x19, x20
  b.hs $+0x78
  ldrb w9, [x19]
  cmp w9, #0x22
  b.eq $+0x14
  cmp w9, #0x5c
  b.eq $+0x20
  add x19, x19, #0x1
  b $-0x20
  ldr x9, [sp, #0x38]
  sub x10, x19, x9
  str x10, [sp, #0x40]
  add x19, x19, #0x1
  b $+0x54
  ldr x9, [sp, #0x38]
  sub x10, x19, x9
  str x19, [x22]
  mov x0, x22
  mov x1, x9
  mov x2, x10
  add x3, sp, #0x38
  add x4, sp, #0x40
  mov x8, #<imm>
  movk x8, #<imm>, lsl #16
  movk x8, #<imm>, lsl #32
  movk x8, #<imm>, lsl #48
  blr x8
  ldr x19, [x22]
  ldr w9, [x22, #0x10]
  cbnz w9, $+0x178
  b $+0x10
  mov w9, #0x8
  str w9, [x22, #0x10]
  b $+0x168
  cmp x19, x20
  b.hs $+0x3c
  ldrb w10, [x19]
  sub w9, w10, #0x9
  cmp w9, #0x17
  b.hi $+0x1c
  mov x8, #<imm>
  movk x8, #<imm>, lsl #16
  lsr x8, x8, x9
  tbz w8, #0x0, $+0xc
  add x19, x19, #0x1
  b $-0x2c
  cmp w10, #0x3a
  b.ne $+0xc
  add x19, x19, #0x1
  b $+0x10
  mov w9, #0x6
  str w9, [x22, #0x10]
  b $+0x11c
  ldr x0, [sp, #0x38]
  ldr x1, [sp, #0x40]
  mov x2, #<imm>
  movk x2, #<imm>, lsl #16
  movk x2, #<imm>, lsl #32
  movk x2, #<imm>, lsl #48
  mov x3, #<imm>
  mov x8, #<imm>
  movk x8, #<imm>, lsl #16
  movk x8, #<imm>, lsl #32
  movk x8, #<imm>, lsl #48
  blr x8
  cbnz x0, $+0x8
  b $+0x44
  str x19, [x22]
  mov x0, x22
  add x1, x21, #0x0
  mov x8, #<imm>
  movk x8, #<imm>, lsl #16
  movk x8, #<imm>, lsl #32
  movk x8, #<imm>, lsl #48
  blr x8
  ldr x19, [x22]
  ldr w9, [x22, #0x10]
  cbnz w9, $+0xb8
  ldr x9, [sp, #0x30]
  mov x10, #<imm>
  orr x9, x9, x10
  str x9, [sp, #0x30]
  b $+0x2c
  str x19, [x22]
  mov x0, x22
  mov x8, #<imm>
  movk x8, #<imm>, lsl #16
  movk x8, #<imm>, lsl #32
  movk x8, #<imm>, lsl #48
  blr x8
  ldr x19, [x22]
  ldr w9, [x22, #0x10]
  cbnz w9, $+0x7c
  str x19, [x22]
  mov x0, x22
  add x1, sp, #0x48
  mov x8, #<imm>
  movk x8, #<imm>, lsl #16
  movk x8, #<imm>, lsl #32
  movk x8, #<imm>, lsl #48
  blr x8
  ldr x19, [x22]
  ldr w9, [x22, #0x10]
  cbnz w9, $+0x50
  ldrb w9, [sp, #0x48]
  cmp w9, #0x1
  b.eq $+0xc
  b $-0x260
  add x19, x19, #0x1
  ldr x9, [sp, #0x30]
  mov x10, #<imm>
  and x11, x9, x10
  cmp x11, x10
  b.eq $+0x10
  mov w9, #0xa
  str w9, [x22, #0x10]
  b $+0x1c
  str x19, [x22]
  ldp x21, x22, [sp, #0x20]
  ldp x19, x20, [sp, #0x10]
  ldp x29, x30, [sp]
  add sp, sp, #0x60
  ret
  ldp x21, x22, [sp, #0x20]
  ldp x19, x20, [sp, #0x10]
  ldp x29, x30, [sp]
  add sp, sp, #0x60
  ret
