---
source: src/disasm_tests.rs
expression: out
---
=== postcard/nested_struct ===
> sub sp, sp, #0x40
  stp x29, x30, [sp]
  stp x19, x20, [sp, #0x10]
  stp x21, x22, [sp, #0x20]
  mov x29, sp
  mov x21, x0
  mov x22, x1
  ldr x19, [x22]
  ldr x20, [x22, #0x8]
  cmp x19, x20
  b.hs $+0x48
  ldrb w9, [x19]
  tbnz w9, #0x7, $+0x10
  add x19, x19, #0x1
  str w9, [x21]
  b $+0x30
  str x19, [x22]
  mov x0, x22
  add x1, x21, #0x0
  mov x8, #<imm>
  movk x8, #<imm>, lsl #16
  movk x8, #<imm>, lsl #32
  movk x8, #<imm>, lsl #48
  blr x8
  ldr x19, [x22]
  ldr w9, [x22, #0x10]
  cbnz w9, $+0xdc
  b $+0x10
  mov w9, #0x1
  str w9, [x22, #0x10]
  b $+0xcc
  cmp x19, x20
  b.hs $+0x48
  ldrb w9, [x19]
  tbnz w9, #0x7, $+0x10
  add x19, x19, #0x1
  str w9, [x21, #0x4]
  b $+0x30
  str x19, [x22]
  mov x0, x22
  add x1, x21, #0x4
  mov x8, #<imm>
  movk x8, #<imm>, lsl #16
  movk x8, #<imm>, lsl #32
  movk x8, #<imm>, lsl #48
  blr x8
  ldr x19, [x22]
  ldr w9, [x22, #0x10]
  cbnz w9, $+0x84
  b $+0x10
  mov w9, #0x1
  str w9, [x22, #0x10]
  b $+0x74
  cmp x19, x20
  b.hs $+0x48
  ldrb w9, [x19]
  tbnz w9, #0x7, $+0x10
  add x19, x19, #0x1
  str w9, [x21, #0x8]
  b $+0x30
  str x19, [x22]
  mov x0, x22
  add x1, x21, #0x8
  mov x8, #<imm>
  movk x8, #<imm>, lsl #16
  movk x8, #<imm>, lsl #32
  movk x8, #<imm>, lsl #48
  blr x8
  ldr x19, [x22]
  ldr w9, [x22, #0x10]
  cbnz w9, $+0x2c
  b $+0x10
  mov w9, #0x1
  str w9, [x22, #0x10]
  b $+0x1c
  str x19, [x22]
  ldp x21, x22, [sp, #0x20]
  ldp x19, x20, [sp, #0x10]
  ldp x29, x30, [sp]
  add sp, sp, #0x40
  ret
  ldp x21, x22, [sp, #0x20]
  ldp x19, x20, [sp, #0x10]
  ldp x29, x30, [sp]
  add sp, sp, #0x40
  ret
