---
source: src/disasm_tests.rs
expression: out
---
=== json/all_scalars ===
> sub sp, sp, #0x60
  stp x29, x30, [sp]
  stp x19, x20, [sp, #0x10]
  stp x21, x22, [sp, #0x20]
  mov x29, sp
  mov x21, x0
  mov x22, x1
  ldr x19, [x22]
  ldr x20, [x22, #0x8]
  str xzr, [sp, #0x30]
  cmp x19, x20
  b.hs $+0x3c
  ldrb w10, [x19]
  sub w9, w10, #0x9
  cmp w9, #0x17
  b.hi $+0x1c
  mov x8, #<imm>
  movk x8, #<imm>, lsl #16
  lsr x8, x8, x9
  tbz w8, #0x0, $+0xc
  add x19, x19, #0x1
  b $-0x2c
  cmp w10, #0x7b
  b.ne $+0xc
  add x19, x19, #0x1
  b $+0x10
  mov w9, #0x5
  str w9, [x22, #0x10]
  b $+0xce4
  str x19, [x22]
  mov x0, x22
  add x1, sp, #0x48
  mov x8, #<imm>
  movk x8, #<imm>, lsl #16
  movk x8, #<imm>, lsl #32
  movk x8, #<imm>, lsl #48
  blr x8
  ldr x19, [x22]
  ldr w9, [x22, #0x10]
  cbnz w9, $+0xcb8
  ldrb w9, [sp, #0x48]
  cmp w9, #0x7d
  b.eq $+0xc70
  str x19, [x22]
  mov x0, x22
  mov x8, #<imm>
  movk x8, #<imm>, lsl #16
  movk x8, #<imm>, lsl #32
  movk x8, #<imm>, lsl #48
  blr x8
  ldr x19, [x22]
  cmp x19, x20
  b.hs $+0x18
  ldrb w9, [x19]
  cmp w9, #0x22
  b.ne $+0xc
  add x19, x19, #0x1
  b $+0x10
  mov w9, #0x7
  str w9, [x22, #0x10]
  b $+0xc64
  str x19, [sp, #0x38]
  movi v1.16b, #0x22
  movi v2.16b, #0x5c
  sub x9, x20, x19
  cmp x9, #0x10
  b.lo $+0x58
  ld1 {v0.16b}, [x19]
  cmeq v3.16b, v0.16b, v1.16b
  cmeq v4.16b, v0.16b, v2.16b
  orr v3.16b, v3.16b, v4.16b
  umaxv b5, v3.16b
  umov w9, v5.b[0]
  cbz w9, $+0x34
  mov x10, #<imm>
  ldrb w9, [x19, x10]
  cmp w9, #0x22
  b.eq $+0x14
  cmp w9, #0x5c
  b.eq $+0xc
  add x10, x10, #0x1
  b $-0x18
  add x19, x19, x10
  cmp w9, #0x22
  b.eq $+0x34
  b $+0x44
  add x19, x19, #0x10
  b $-0x5c
  cmp x19, x20
  b.hs $+0x78
  ldrb w9, [x19]
  cmp w9, #0x22
  b.eq $+0x14
  cmp w9, #0x5c
  b.eq $+0x20
  add x19, x19, #0x1
  b $-0x20
  ldr x9, [sp, #0x38]
  sub x10, x19, x9
  str x10, [sp, #0x40]
  add x19, x19, #0x1
  b $+0x54
  ldr x9, [sp, #0x38]
  sub x10, x19, x9
  str x19, [x22]
  mov x0, x22
  mov x1, x9
  mov x2, x10
  add x3, sp, #0x38
  add x4, sp, #0x40
  mov x8, #<imm>
  movk x8, #<imm>, lsl #16
  movk x8, #<imm>, lsl #32
  movk x8, #<imm>, lsl #48
  blr x8
  ldr x19, [x22]
  ldr w9, [x22, #0x10]
  cbnz w9, $+0xb80
  b $+0x10
  mov w9, #0x8
  str w9, [x22, #0x10]
  b $+0xb70
  cmp x19, x20
  b.hs $+0x3c
  ldrb w10, [x19]
  sub w9, w10, #0x9
  cmp w9, #0x17
  b.hi $+0x1c
  mov x8, #<imm>
  movk x8, #<imm>, lsl #16
  lsr x8, x8, x9
  tbz w8, #0x0, $+0xc
  add x19, x19, #0x1
  b $-0x2c
  cmp w10, #0x3a
  b.ne $+0xc
  add x19, x19, #0x1
  b $+0x10
  mov w9, #0x6
  str w9, [x22, #0x10]
  b $+0xb24
  ldr x0, [sp, #0x38]
  ldr x1, [sp, #0x40]
  mov x2, #<imm>
  movk x2, #<imm>, lsl #16
  movk x2, #<imm>, lsl #32
  movk x2, #<imm>, lsl #48
  mov x3, #<imm>
  mov x8, #<imm>
  movk x8, #<imm>, lsl #16
  movk x8, #<imm>, lsl #32
  movk x8, #<imm>, lsl #48
  blr x8
  cbnz x0, $+0x244
  ldr x0, [sp, #0x38]
  ldr x1, [sp, #0x40]
  mov x2, #<imm>
  movk x2, #<imm>, lsl #16
  movk x2, #<imm>, lsl #32
  movk x2, #<imm>, lsl #48
  mov x3, #<imm>
  mov x8, #<imm>
  movk x8, #<imm>, lsl #16
  movk x8, #<imm>, lsl #32
  movk x8, #<imm>, lsl #48
  blr x8
  cbnz x0, $+0x250
  ldr x0, [sp, #0x38]
  ldr x1, [sp, #0x40]
  mov x2, #<imm>
  movk x2, #<imm>, lsl #16
  movk x2, #<imm>, lsl #32
  movk x2, #<imm>, lsl #48
  mov x3, #<imm>
  mov x8, #<imm>
  movk x8, #<imm>, lsl #16
  movk x8, #<imm>, lsl #32
  movk x8, #<imm>, lsl #48
  blr x8
  cbnz x0, $+0x25c
  ldr x0, [sp, #0x38]
  ldr x1, [sp, #0x40]
  mov x2, #<imm>
  movk x2, #<imm>, lsl #16
  movk x2, #<imm>, lsl #32
  movk x2, #<imm>, lsl #48
  mov x3, #<imm>
  mov x8, #<imm>
  movk x8, #<imm>, lsl #16
  movk x8, #<imm>, lsl #32
  movk x8, #<imm>, lsl #48
  blr x8
  cbnz x0, $+0x268
  ldr x0, [sp, #0x38]
  ldr x1, [sp, #0x40]
  mov x2, #<imm>
  movk x2, #<imm>, lsl #16
  movk x2, #<imm>, lsl #32
  movk x2, #<imm>, lsl #48
  mov x3, #<imm>
  mov x8, #<imm>
  movk x8, #<imm>, lsl #16
  movk x8, #<imm>, lsl #32
  movk x8, #<imm>, lsl #48
  blr x8
  cbnz x0, $+0x274
  ldr x0, [sp, #0x38]
  ldr x1, [sp, #0x40]
  mov x2, #<imm>
  movk x2, #<imm>, lsl #16
  movk x2, #<imm>, lsl #32
  movk x2, #<imm>, lsl #48
  mov x3, #<imm>
  mov x8, #<imm>
  movk x8, #<imm>, lsl #16
  movk x8, #<imm>, lsl #32
  movk x8, #<imm>, lsl #48
  blr x8
  cbnz x0, $+0x280
  ldr x0, [sp, #0x38]
  ldr x1, [sp, #0x40]
  mov x2, #<imm>
  movk x2, #<imm>, lsl #16
  movk x2, #<imm>, lsl #32
  movk x2, #<imm>, lsl #48
  mov x3, #<imm>
  mov x8, #<imm>
  movk x8, #<imm>, lsl #16
  movk x8, #<imm>, lsl #32
  movk x8, #<imm>, lsl #48
  blr x8
  cbnz x0, $+0x28c
  ldr x0, [sp, #0x38]
  ldr x1, [sp, #0x40]
  mov x2, #<imm>
  movk x2, #<imm>, lsl #16
  movk x2, #<imm>, lsl #32
  movk x2, #<imm>, lsl #48
  mov x3, #<imm>
  mov x8, #<imm>
  movk x8, #<imm>, lsl #16
  movk x8, #<imm>, lsl #32
  movk x8, #<imm>, lsl #48
  blr x8
  cbnz x0, $+0x298
  ldr x0, [sp, #0x38]
  ldr x1, [sp, #0x40]
  mov x2, #<imm>
  movk x2, #<imm>, lsl #16
  movk x2, #<imm>, lsl #32
  movk x2, #<imm>, lsl #48
  mov x3, #<imm>
  mov x8, #<imm>
  movk x8, #<imm>, lsl #16
  movk x8, #<imm>, lsl #32
  movk x8, #<imm>, lsl #48
  blr x8
  cbnz x0, $+0x2a4
  ldr x0, [sp, #0x38]
  ldr x1, [sp, #0x40]
  mov x2, #<imm>
  movk x2, #<imm>, lsl #16
  movk x2, #<imm>, lsl #32
  movk x2, #<imm>, lsl #48
  mov x3, #<imm>
  mov x8, #<imm>
  movk x8, #<imm>, lsl #16
  movk x8, #<imm>, lsl #32
  movk x8, #<imm>, lsl #48
  blr x8
  cbnz x0, $+0x2b0
  ldr x0, [sp, #0x38]
  ldr x1, [sp, #0x40]
  mov x2, #<imm>
  movk x2, #<imm>, lsl #16
  movk x2, #<imm>, lsl #32
  movk x2, #<imm>, lsl #48
  mov x3, #<imm>
  mov x8, #<imm>
  movk x8, #<imm>, lsl #16
  movk x8, #<imm>, lsl #32
  movk x8, #<imm>, lsl #48
  blr x8
  cbnz x0, $+0x2bc
  ldr x0, [sp, #0x38]
  ldr x1, [sp, #0x40]
  mov x2, #<imm>
  movk x2, #<imm>, lsl #16
  movk x2, #<imm>, lsl #32
  movk x2, #<imm>, lsl #48
  mov x3, #<imm>
  mov x8, #<imm>
  movk x8, #<imm>, lsl #16
  movk x8, #<imm>, lsl #32
  movk x8, #<imm>, lsl #48
  blr x8
  cbnz x0, $+0x68c
  b $+0x810
  str x19, [x22]
  mov x0, x22
  add x1, x21, #0x40
  mov x8, #<imm>
  movk x8, #<imm>, lsl #16
  movk x8, #<imm>, lsl #32
  movk x8, #<imm>, lsl #48
  blr x8
  ldr x19, [x22]
  ldr w9, [x22, #0x10]
  cbnz w9, $+0x884
  ldr x9, [sp, #0x30]
  mov x10, #<imm>
  orr x9, x9, x10
  str x9, [sp, #0x30]
  b $+0x7f8
  str x19, [x22]
  mov x0, x22
  add x1, x21, #0x41
  mov x8, #<imm>
  movk x8, #<imm>, lsl #16
  movk x8, #<imm>, lsl #32
  movk x8, #<imm>, lsl #48
  blr x8
  ldr x19, [x22]
  ldr w9, [x22, #0x10]
  cbnz w9, $+0x844
  ldr x9, [sp, #0x30]
  mov x10, #<imm>
  orr x9, x9, x10
  str x9, [sp, #0x30]
  b $+0x7b8
  str x19, [x22]
  mov x0, x22
  add x1, x21, #0x3c
  mov x8, #<imm>
  movk x8, #<imm>, lsl #16
  movk x8, #<imm>, lsl #32
  movk x8, #<imm>, lsl #48
  blr x8
  ldr x19, [x22]
  ldr w9, [x22, #0x10]
  cbnz w9, $+0x804
  ldr x9, [sp, #0x30]
  mov x10, #<imm>
  orr x9, x9, x10
  str x9, [sp, #0x30]
  b $+0x778
  str x19, [x22]
  mov x0, x22
  add x1, x21, #0x30
  mov x8, #<imm>
  movk x8, #<imm>, lsl #16
  movk x8, #<imm>, lsl #32
  movk x8, #<imm>, lsl #48
  blr x8
  ldr x19, [x22]
  ldr w9, [x22, #0x10]
  cbnz w9, $+0x7c4
  ldr x9, [sp, #0x30]
  mov x10, #<imm>
  orr x9, x9, x10
  str x9, [sp, #0x30]
  b $+0x738
  str x19, [x22]
  mov x0, x22
  add x1, x21, #0x18
  mov x8, #<imm>
  movk x8, #<imm>, lsl #16
  movk x8, #<imm>, lsl #32
  movk x8, #<imm>, lsl #48
  blr x8
  ldr x19, [x22]
  ldr w9, [x22, #0x10]
  cbnz w9, $+0x784
  ldr x9, [sp, #0x30]
  mov x10, #<imm>
  orr x9, x9, x10
  str x9, [sp, #0x30]
  b $+0x6f8
  str x19, [x22]
  mov x0, x22
  add x1, x21, #0x42
  mov x8, #<imm>
  movk x8, #<imm>, lsl #16
  movk x8, #<imm>, lsl #32
  movk x8, #<imm>, lsl #48
  blr x8
  ldr x19, [x22]
  ldr w9, [x22, #0x10]
  cbnz w9, $+0x744
  ldr x9, [sp, #0x30]
  mov x10, #<imm>
  orr x9, x9, x10
  str x9, [sp, #0x30]
  b $+0x6b8
  str x19, [x22]
  mov x0, x22
  add x1, x21, #0x3e
  mov x8, #<imm>
  movk x8, #<imm>, lsl #16
  movk x8, #<imm>, lsl #32
  movk x8, #<imm>, lsl #48
  blr x8
  ldr x19, [x22]
  ldr w9, [x22, #0x10]
  cbnz w9, $+0x704
  ldr x9, [sp, #0x30]
  mov x10, #<imm>
  orr x9, x9, x10
  str x9, [sp, #0x30]
  b $+0x678
  str x19, [x22]
  mov x0, x22
  add x1, x21, #0x34
  mov x8, #<imm>
  movk x8, #<imm>, lsl #16
  movk x8, #<imm>, lsl #32
  movk x8, #<imm>, lsl #48
  blr x8
  ldr x19, [x22]
  ldr w9, [x22, #0x10]
  cbnz w9, $+0x6c4
  ldr x9, [sp, #0x30]
  mov x10, #<imm>
  orr x9, x9, x10
  str x9, [sp, #0x30]
  b $+0x638
  str x19, [x22]
  mov x0, x22
  add x1, x21, #0x20
  mov x8, #<imm>
  movk x8, #<imm>, lsl #16
  movk x8, #<imm>, lsl #32
  movk x8, #<imm>, lsl #48
  blr x8
  ldr x19, [x22]
  ldr w9, [x22, #0x10]
  cbnz w9, $+0x684
  ldr x9, [sp, #0x30]
  mov x10, #<imm>
  orr x9, x9, x10
  str x9, [sp, #0x30]
  b $+0x5f8
  str x19, [x22]
  mov x0, x22
  add x1, x21, #0x38
  mov x8, #<imm>
  movk x8, #<imm>, lsl #16
  movk x8, #<imm>, lsl #32
  movk x8, #<imm>, lsl #48
  blr x8
  ldr x19, [x22]
  ldr w9, [x22, #0x10]
  cbnz w9, $+0x644
  ldr x9, [sp, #0x30]
  mov x10, #<imm>
  orr x9, x9, x10
  str x9, [sp, #0x30]
  b $+0x5b8
  cmp x19, x20
  b.hs $+0x28
  ldrb w8, [x19]
  cmp w8, #0x20
  b.eq $+0x14
  cmp w8, #0x9
  b.lo $+0x14
  cmp w8, #0xd
  b.hi $+0xc
  add x19, x19, #0x1
  b $-0x28
  cmp x19, x20
  b.hs $+0x3b4
  mov x0, #<imm>
  ldrb w8, [x19]
  cmp w8, #0x2d
  b.ne $+0x18
  mov x0, #<imm>
  add x19, x19, #0x1
  cmp x19, x20
  b.hs $+0x394
  ldrb w8, [x19]
  mov x9, #<imm>
  mov x10, #<imm>
  mov x11, #<imm>
  mov x12, #<imm>
  mov x13, #<imm>
  cmp w8, #0x30
  b.ne $+0x1c
  orr x13, x13, #0x2
  add x19, x19, #0x1
  cmp x19, x20
  b.hs $+0xc
  ldrb w8, [x19]
  b $-0x1c
  sub w1, w8, #0x30
  cmp w1, #0x9
  b.hi $+0x50
  orr x13, x13, #0x2
  cmp x10, #0x13
  b.hs $+0x24
  mov x2, #<imm>
  madd x9, x9, x2, x1
  add x10, x10, #0x1
  add x19, x19, #0x1
  cmp x19, x20
  b.hs $+0x2c
  ldrb w8, [x19]
  b $-0x34
  add x12, x12, #0x1
  add x19, x19, #0x1
  cmp x19, x20
  b.hs $+0x14
  ldrb w8, [x19]
  sub w1, w8, #0x30
  cmp w1, #0x9
  b.ls $-0x1c
  cmp x19, x20
  b.hs $+0xa0
  cmp w8, #0x2e
  b.ne $+0x98
  orr x13, x13, #0x1
  add x19, x19, #0x1
  cmp x19, x20
  b.hs $+0x88
  ldrb w8, [x19]
  cbnz x10, $+0x28
  cmp w8, #0x30
  b.ne $+0x20
  orr x13, x13, #0x2
  add x11, x11, #0x1
  add x19, x19, #0x1
  cmp x19, x20
  b.hs $+0xc
  ldrb w8, [x19]
  b $-0x20
  sub w1, w8, #0x30
  cmp w1, #0x9
  b.hi $+0x50
  orr x13, x13, #0x2
  cmp x10, #0x13
  b.hs $+0x28
  mov x2, #<imm>
  madd x9, x9, x2, x1
  add x10, x10, #0x1
  add x11, x11, #0x1
  add x19, x19, #0x1
  cmp x19, x20
  b.hs $+0x28
  ldrb w8, [x19]
  b $-0x38
  add x19, x19, #0x1
  cmp x19, x20
  b.hs $+0x14
  ldrb w8, [x19]
  sub w1, w8, #0x30
  cmp w1, #0x9
  b.ls $-0x18
  tst x13, #0x2
  b.eq $+0x24c
  mov x14, #<imm>
  cmp x19, x20
  b.hs $+0xa8
  cmp w8, #0x65
  b.eq $+0x8
  cmp w8, #0x45
  b.ne $+0x98
  add x19, x19, #0x1
  cmp x19, x20
  b.hs $+0x224
  ldrb w8, [x19]
  mov x15, #<imm>
  cmp w8, #0x2d
  b.ne $+0x1c
  mov x15, #<imm>
  add x19, x19, #0x1
  cmp x19, x20
  b.hs $+0x204
  ldrb w8, [x19]
  b $+0x28
  cmp w8, #0x2b
  b.ne $+0x20
  add x19, x19, #0x1
  cmp x19, x20
  b.hs $+0x1e8
  ldrb w8, [x19]
  sub w1, w8, #0x30
  cmp w1, #0x9
  b.hi $+0x1d8
  sub w1, w8, #0x30
  cmp w1, #0x9
  b.hi $+0x2c
  mov x2, #<imm>
  madd x14, x14, x2, x1
  mov x2, #<imm>
  cmp x14, x2
  csel x14, x2, x14, hi
  add x19, x19, #0x1
  cmp x19, x20
  b.hs $+0xc
  ldrb w8, [x19]
  b $-0x30
  cbz x15, $+0x8
  neg x14, x14
  add x12, x14, x12
  sub x12, x12, x11
  cbz x9, $+0x2c
  tst x13, #0x1
  b.ne $+0x2c
  cbnz x14, $+0x28
  mov x1, #<imm>
  lsl x1, x1, #0x35
  cmp x9, x1
  b.hs $+0x18
  ucvtf d0, x9
  fmov x7, d0
  b $+0x14c
  mov x7, #<imm>
  b $+0x144
  cmp w12, #0x15b
  b.gt $+0x130
  cmn w12, #0x15c
  b.lt $+0x130
  mov w1, #0xa935
  movk w1, #0x1, lsl #16
  smull x14, w12, w1
  asr x14, x14, #0xf
  clz x4, x9
  sub x6, x4, #0xb
  sub x6, x6, x14
  mov x1, #<imm>
  cmp x6, x1
  csel x6, x1, x6, gt
  sub x3, x4, x6
  sub x3, x3, x14
  sub x3, x3, #0x3
  lsl x5, x9, x4
  add w8, w12, #0x15c
  mov x1, #<imm>
  movk x1, #<imm>, lsl #16
  movk x1, #<imm>, lsl #32
  movk x1, #<imm>, lsl #48
  add x1, x1, x8, lsl #4
  ldp x1, x2, [x1]
  umulh x4, x5, x1
  mul x8, x5, x1
  and x14, x3, #0x3f
  mov x15, #<imm>
  lsl x15, x15, x14
  sub x15, x15, #0x1
  tst x4, x15
  b.eq $+0xc
  mov x7, #<imm>
  b $+0x20
  umulh x14, x5, x2
  subs x15, x8, x14
  cmp x15, #0x1
  cset x7, hi
  cmp x8, x14
  b.hs $+0x8
  sub x4, x4, #0x1
  lsr x14, x4, x3
  cmp x3, #0x40
  csel x14, xzr, x14, hs
  orr x7, x14, x7
  mov x1, #<imm>
  movk x1, #<imm>, lsl #16
  movk x1, #<imm>, lsl #32
  movk x1, #<imm>, lsl #48
  cmp x7, x1
  b.lo $+0x14
  lsr x14, x7, #0x1
  and x15, x7, #0x1
  orr x7, x14, x15
  sub x6, x6, #0x1
  lsr x1, x7, #0x2
  and x1, x1, #0x1
  add x7, x7, #0x1
  add x7, x7, x1
  lsr x7, x7, #0x2
  mov x1, #<imm>
  lsl x1, x1, #0x34
  tst x7, x1
  b.eq $+0x40
  mov x1, #<imm>
  sub x1, x1, x6
  cmp x1, #0x7ff
  b.hs $+0x1c
  mov x8, #<imm>
  lsl x8, x8, #0x34
  bic x7, x7, x8
  lsl x1, x1, #0x34
  orr x7, x7, x1
  b $+0x18
  mov x7, #<imm>
  b $+0x10
  mov x7, #<imm>
  b $+0x8
  mov x7, #<imm>
  cbz x0, $+0x10
  mov x1, #<imm>
  lsl x1, x1, #0x3f
  orr x7, x7, x1
  str x7, [x21, #0x28]
  str x19, [x22]
  b $+0x1c
  mov w8, #0x9
  str w8, [x22, #0x10]
  b $+0x24c
  mov w8, #0x1
  str w8, [x22, #0x10]
  b $+0x240
  ldr x9, [sp, #0x30]
  mov x10, #<imm>
  orr x9, x9, x10
  str x9, [sp, #0x30]
  b $+0x1b4
  str x19, [x22]
  mov x0, x22
  mov x8, #<imm>
  movk x8, #<imm>, lsl #16
  movk x8, #<imm>, lsl #32
  movk x8, #<imm>, lsl #48
  blr x8
  ldr x19, [x22]
  cmp x19, x20
  b.hs $+0x18
  ldrb w9, [x19]
  cmp w9, #0x22
  b.ne $+0xc
  add x19, x19, #0x1
  b $+0x10
  mov w9, #0x7
  str w9, [x22, #0x10]
  b $+0x1e4
  str x19, [sp, #0x50]
  movi v1.16b, #0x22
  movi v2.16b, #0x5c
  sub x9, x20, x19
  cmp x9, #0x10
  b.lo $+0x58
  ld1 {v0.16b}, [x19]
  cmeq v3.16b, v0.16b, v1.16b
  cmeq v4.16b, v0.16b, v2.16b
  orr v3.16b, v3.16b, v4.16b
  umaxv b5, v3.16b
  umov w9, v5.b[0]
  cbz w9, $+0x34
  mov x10, #<imm>
  ldrb w9, [x19, x10]
  cmp w9, #0x22
  b.eq $+0x14
  cmp w9, #0x5c
  b.eq $+0xc
  add x10, x10, #0x1
  b $-0x18
  add x19, x19, x10
  cmp w9, #0x22
  b.eq $+0x34
  b $+0x80
  add x19, x19, #0x10
  b $-0x5c
  cmp x19, x20
  b.hs $+0xb0
  ldrb w9, [x19]
  cmp w9, #0x22
  b.eq $+0x14
  cmp w9, #0x5c
  b.eq $+0x5c
  add x19, x19, #0x1
  b $-0x20
  ldr x9, [sp, #0x50]
  sub x10, x19, x9
  str x10, [sp, #0x58]
  str x19, [x22]
  mov x0, x22
  mov x1, x9
  mov w2, w10
  mov x8, #<imm>
  movk x8, #<imm>, lsl #16
  movk x8, #<imm>, lsl #32
  movk x8, #<imm>, lsl #48
  blr x8
  ldr w9, [x22, #0x10]
  cbnz w9, $+0x11c
  str x0, [x21, #0x8]
  ldr x9, [sp, #0x58]
  str x9, [x21, #0x10]
  str x9, [x21]
  add x19, x19, #0x1
  b $+0x50
  ldr x9, [sp, #0x50]
  sub x10, x19, x9
  str x19, [x22]
  mov x0, x22
  add x1, x21, #0x0
  mov x2, x9
  mov x3, x10
  mov x8, #<imm>
  movk x8, #<imm>, lsl #16
  movk x8, #<imm>, lsl #32
  movk x8, #<imm>, lsl #48
  blr x8
  ldr x19, [x22]
  ldr w9, [x22, #0x10]
  cbnz w9, $+0xc8
  b $+0x10
  mov w9, #0x8
  str w9, [x22, #0x10]
  b $+0xb8
  ldr x9, [sp, #0x30]
  mov x10, #<imm>
  orr x9, x9, x10
  str x9, [sp, #0x30]
  b $+0x2c
  str x19, [x22]
  mov x0, x22
  mov x8, #<imm>
  movk x8, #<imm>, lsl #16
  movk x8, #<imm>, lsl #32
  movk x8, #<imm>, lsl #48
  blr x8
  ldr x19, [x22]
  ldr w9, [x22, #0x10]
  cbnz w9, $+0x7c
  str x19, [x22]
  mov x0, x22
  add x1, sp, #0x48
  mov x8, #<imm>
  movk x8, #<imm>, lsl #16
  movk x8, #<imm>, lsl #32
  movk x8, #<imm>, lsl #48
  blr x8
  ldr x19, [x22]
  ldr w9, [x22, #0x10]
  cbnz w9, $+0x50
  ldrb w9, [sp, #0x48]
  cmp w9, #0x1
  b.eq $+0xc
  b $-0xc68
  add x19, x19, #0x1
  ldr x9, [sp, #0x30]
  mov x10, #<imm>
  and x11, x9, x10
  cmp x11, x10
  b.eq $+0x10
  mov w9, #0xa
  str w9, [x22, #0x10]
  b $+0x1c
  str x19, [x22]
  ldp x21, x22, [sp, #0x20]
  ldp x19, x20, [sp, #0x10]
  ldp x29, x30, [sp]
  add sp, sp, #0x60
  ret
  ldp x21, x22, [sp, #0x20]
  ldp x19, x20, [sp, #0x10]
  ldp x29, x30, [sp]
  add sp, sp, #0x60
  ret
