---
source: src/disasm_tests.rs
expression: out
---
=== json/vec ===
  push rbp
  sub rsp, 0x70
  mov qword [rsp], rbp
  mov qword [rsp + 0x10], r12
  mov qword [rsp + 0x18], r13
  mov qword [rsp + 0x20], r14
  mov qword [rsp + 0x28], r15
  mov r14, rdi
  mov r15, rsi
  mov r12, qword [r15]
  mov r13, qword [r15 + 0x8]
  mov qword [r15], r12
  mov rdi, r15
  mov rax, 0x<imm>
  call rax
  mov r12, qword [r15]
  mov r10d, dword [r15 + 0x10]
  test r10d, r10d
  jnz $+0x2d7
  mov qword [r15], r12
  mov rdi, r15
  lea rsi, qword [rsp + 0x48]
  mov rax, 0x<imm>
  call rax
  mov r12, qword [r15]
  mov r10d, dword [r15 + 0x10]
  test r10d, r10d
  jnz $+0x2a2
  movzx r10d, byte [rsp + 0x48]
  cmp r10d, 0x5d
  jz $+0x204
  mov qword [r15], r12
  mov rdi, r15
  mov esi, 0x4
  mov edx, 0x4
  mov ecx, 0x4
  mov rax, 0x<imm>
  call rax
  mov r12, qword [r15]
  mov r10d, dword [r15 + 0x10]
  test r10d, r10d
  jnz $+0x250
  mov qword [rsp + 0x50], r14
  mov qword [rsp + 0x58], rax
  mov qword [rsp + 0x60], 0x0
  mov dword [rsp + 0x68], 0x4
  mov dword [rsp + 0x6c], 0x0
  mov rax, qword [rsp + 0x60]
  cmp rax, qword [rsp + 0x68]
  jz $+0xc2
  mov r14, qword [rsp + 0x58]
  mov r10, qword [rsp + 0x60]
  imul r10, r10, 0x4
  add r14, r10
  mov qword [r15], r12
  mov rdi, r15
  lea rsi, qword [r14]
  mov rax, 0x<imm>
  call rax
  mov r12, qword [r15]
  mov r10d, dword [r15 + 0x10]
  test r10d, r10d
  jnz $+0x1ba
  mov r10d, dword [r15 + 0x10]
  test r10d, r10d
  jnz $+0x14f
  mov rax, qword [rsp + 0x60]
  add rax, 0x1
  mov qword [rsp + 0x60], rax
  mov qword [r15], r12
  mov rdi, r15
  lea rsi, qword [rsp + 0x48]
  mov rax, 0x<imm>
  call rax
  mov r12, qword [r15]
  mov r10d, dword [r15 + 0x10]
  test r10d, r10d
  jnz $+0x161
  movzx r10d, byte [rsp + 0x48]
  cmp r10d, 0x1
  jz $+0x89
  jmp $-0xd8
  mov qword [r15], r12
  mov r10, qword [rsp + 0x68]
  shl r10, 0x1
  mov rdi, r15
  mov rsi, qword [rsp + 0x58]
  mov rdx, qword [rsp + 0x60]
  mov rcx, qword [rsp + 0x68]
  mov r8, r10
  mov r9d, 0x4
  push 0x4
  mov rax, 0x<imm>
  call rax
  add rsp, 0x8
  mov r12, qword [r15]
  mov r10d, dword [r15 + 0x10]
  test r10d, r10d
  jnz $+0xe3
  mov qword [rsp + 0x58], rax
  mov r10, qword [rsp + 0x68]
  shl r10, 0x1
  mov qword [rsp + 0x68], r10
  jmp $-0x146
  mov r14, qword [rsp + 0x50]
  mov rax, qword [rsp + 0x58]
  mov qword [r14 + 0x8], rax
  mov rax, qword [rsp + 0x60]
  mov qword [r14 + 0x10], rax
  mov rax, qword [rsp + 0x68]
  mov qword [r14], rax
  jmp $+0x60
  add r12, 0x1
  mov qword [r14 + 0x8], 0x4
  mov qword [r14 + 0x10], 0x0
  mov qword [r14], 0x0
  jmp $+0x33
  mov r14, qword [rsp + 0x50]
  mov rdi, qword [rsp + 0x58]
  mov rsi, qword [rsp + 0x68]
  mov edx, 0x4
  mov ecx, 0x4
  mov rax, 0x<imm>
  call rax
  jmp $+0x28
  mov qword [r15], r12
  mov r15, qword [rsp + 0x28]
  mov r14, qword [rsp + 0x20]
  mov r13, qword [rsp + 0x18]
  mov r12, qword [rsp + 0x10]
  mov rbp, qword [rsp]
  add rsp, 0x70
  pop rbp
  ret
  mov r15, qword [rsp + 0x28]
  mov r14, qword [rsp + 0x20]
  mov r13, qword [rsp + 0x18]
  mov r12, qword [rsp + 0x10]
  mov rbp, qword [rsp]
  add rsp, 0x70
  pop rbp
  ret
